// Jest Snapshot v1, https://goo.gl/fbAQLP

exports[`Header should match the snapshot 1`] = `
<header
  className="header"
>
  <h1>
    WELCOME TO PALETTE PICKER
  </h1>
</header>
`;
