// Jest Snapshot v1, https://goo.gl/fbAQLP

exports[`PaletteForm should match the snapshot 1`] = `undefined`;
