// Jest Snapshot v1, https://goo.gl/fbAQLP

exports[`Palette should match the snapshot 1`] = `
<section
  className="section_palettes"
>
  <h3
    className="palette_name"
  />
  <img
    alt="delete button"
    className="palette_delete-btn"
    src="rubbish.png"
  />
</section>
`;
