// Jest Snapshot v1, https://goo.gl/fbAQLP

exports[`ProjectForm should match the snapshot 1`] = `
<form
  className="project_form"
>
  <input
    className="project_input"
  />
  <button
    className="project_btn"
  >
    Submit Project
  </button>
</form>
`;
